mode: set
github.com/vmware/govmomi/ovf/importer/archive.go:25.55,27.16 2 0
github.com/vmware/govmomi/ovf/importer/archive.go:27.16,29.3 1 0
github.com/vmware/govmomi/ovf/importer/archive.go:30.2,32.22 2 0
github.com/vmware/govmomi/ovf/importer/archive.go:35.55,37.16 2 0
github.com/vmware/govmomi/ovf/importer/archive.go:37.16,39.3 1 0
github.com/vmware/govmomi/ovf/importer/archive.go:41.2,41.15 1 0
github.com/vmware/govmomi/ovf/importer/archive.go:60.42,62.2 1 0
github.com/vmware/govmomi/ovf/importer/archive.go:64.71,66.16 2 0
github.com/vmware/govmomi/ovf/importer/archive.go:66.16,68.3 1 0
github.com/vmware/govmomi/ovf/importer/archive.go:70.2,72.6 2 0
github.com/vmware/govmomi/ovf/importer/archive.go:72.6,74.20 2 0
github.com/vmware/govmomi/ovf/importer/archive.go:74.20,75.9 1 0
github.com/vmware/govmomi/ovf/importer/archive.go:77.3,77.17 1 0
github.com/vmware/govmomi/ovf/importer/archive.go:77.17,79.4 1 0
github.com/vmware/govmomi/ovf/importer/archive.go:81.3,82.17 2 0
github.com/vmware/govmomi/ovf/importer/archive.go:82.17,84.4 1 0
github.com/vmware/govmomi/ovf/importer/archive.go:86.3,86.14 1 0
github.com/vmware/govmomi/ovf/importer/archive.go:86.14,88.4 1 0
github.com/vmware/govmomi/ovf/importer/archive.go:91.2,93.31 2 0
github.com/vmware/govmomi/ovf/importer/archive.go:101.71,103.20 2 0
github.com/vmware/govmomi/ovf/importer/archive.go:103.20,104.27 1 0
github.com/vmware/govmomi/ovf/importer/archive.go:104.27,106.19 2 0
github.com/vmware/govmomi/ovf/importer/archive.go:106.19,108.5 1 0
github.com/vmware/govmomi/ovf/importer/archive.go:109.9,109.35 1 0
github.com/vmware/govmomi/ovf/importer/archive.go:109.35,111.4 1 0
github.com/vmware/govmomi/ovf/importer/archive.go:114.2,114.26 1 0
github.com/vmware/govmomi/ovf/importer/archive.go:121.37,122.79 1 0
github.com/vmware/govmomi/ovf/importer/archive.go:122.79,124.3 1 0
github.com/vmware/govmomi/ovf/importer/archive.go:125.2,125.14 1 0
github.com/vmware/govmomi/ovf/importer/archive.go:128.70,130.16 2 0
github.com/vmware/govmomi/ovf/importer/archive.go:130.16,132.3 1 0
github.com/vmware/govmomi/ovf/importer/archive.go:134.2,135.16 2 0
github.com/vmware/govmomi/ovf/importer/archive.go:135.16,137.3 1 0
github.com/vmware/govmomi/ovf/importer/archive.go:139.2,139.25 1 0
github.com/vmware/govmomi/ovf/importer/archive.go:142.69,143.24 1 0
github.com/vmware/govmomi/ovf/importer/archive.go:143.24,145.3 1 0
github.com/vmware/govmomi/ovf/importer/archive.go:146.2,146.26 1 0
github.com/vmware/govmomi/ovf/importer/archive.go:149.71,150.21 1 0
github.com/vmware/govmomi/ovf/importer/archive.go:150.21,152.3 1 0
github.com/vmware/govmomi/ovf/importer/archive.go:154.2,155.16 2 0
github.com/vmware/govmomi/ovf/importer/archive.go:155.16,157.3 1 0
github.com/vmware/govmomi/ovf/importer/archive.go:159.2,159.67 1 0
github.com/vmware/govmomi/ovf/importer/importable.go:17.34,19.2 1 0
github.com/vmware/govmomi/ovf/importer/importable.go:21.35,23.2 1 0
github.com/vmware/govmomi/ovf/importer/importable.go:25.40,29.2 3 0
github.com/vmware/govmomi/ovf/importer/importable.go:31.44,34.2 2 0
github.com/vmware/govmomi/ovf/importer/importable.go:36.44,39.2 2 0
github.com/vmware/govmomi/ovf/importer/importable.go:41.51,42.24 1 0
github.com/vmware/govmomi/ovf/importer/importable.go:42.24,44.3 1 0
github.com/vmware/govmomi/ovf/importer/importable.go:46.2,46.35 1 0
github.com/vmware/govmomi/ovf/importer/importer.go:49.56,53.2 3 1
github.com/vmware/govmomi/ovf/importer/importer.go:55.55,57.16 2 0
github.com/vmware/govmomi/ovf/importer/importer.go:57.16,60.3 2 0
github.com/vmware/govmomi/ovf/importer/importer.go:61.2,63.12 3 0
github.com/vmware/govmomi/ovf/importer/importer.go:66.118,68.16 2 0
github.com/vmware/govmomi/ovf/importer/importer.go:68.16,70.3 1 0
github.com/vmware/govmomi/ovf/importer/importer.go:72.2,73.16 2 0
github.com/vmware/govmomi/ovf/importer/importer.go:73.16,75.3 1 0
github.com/vmware/govmomi/ovf/importer/importer.go:77.2,77.28 1 0
github.com/vmware/govmomi/ovf/importer/importer.go:77.28,78.29 1 0
github.com/vmware/govmomi/ovf/importer/importer.go:78.29,79.24 1 0
github.com/vmware/govmomi/ovf/importer/importer.go:79.24,81.36 2 0
github.com/vmware/govmomi/ovf/importer/importer.go:81.36,83.6 1 0
github.com/vmware/govmomi/ovf/importer/importer.go:86.3,86.17 1 0
github.com/vmware/govmomi/ovf/importer/importer.go:86.17,91.4 1 0
github.com/vmware/govmomi/ovf/importer/importer.go:94.2,95.22 2 0
github.com/vmware/govmomi/ovf/importer/importer.go:95.22,97.3 1 0
github.com/vmware/govmomi/ovf/importer/importer.go:99.2,100.16 2 0
github.com/vmware/govmomi/ovf/importer/importer.go:100.16,102.3 1 0
github.com/vmware/govmomi/ovf/importer/importer.go:104.2,118.16 4 0
github.com/vmware/govmomi/ovf/importer/importer.go:118.16,120.3 1 0
github.com/vmware/govmomi/ovf/importer/importer.go:121.2,121.23 1 0
github.com/vmware/govmomi/ovf/importer/importer.go:121.23,123.3 1 0
github.com/vmware/govmomi/ovf/importer/importer.go:124.2,124.25 1 0
github.com/vmware/govmomi/ovf/importer/importer.go:124.25,125.34 1 0
github.com/vmware/govmomi/ovf/importer/importer.go:125.34,127.4 1 0
github.com/vmware/govmomi/ovf/importer/importer.go:130.2,130.27 1 0
github.com/vmware/govmomi/ovf/importer/importer.go:130.27,131.38 1 0
github.com/vmware/govmomi/ovf/importer/importer.go:132.40,133.45 1 0
github.com/vmware/govmomi/ovf/importer/importer.go:134.36,135.49 1 0
github.com/vmware/govmomi/ovf/importer/importer.go:139.2,139.24 1 0
github.com/vmware/govmomi/ovf/importer/importer.go:139.24,140.49 1 0
github.com/vmware/govmomi/ovf/importer/importer.go:140.49,142.4 1 0
github.com/vmware/govmomi/ovf/importer/importer.go:145.2,146.16 2 0
github.com/vmware/govmomi/ovf/importer/importer.go:146.16,148.3 1 0
github.com/vmware/govmomi/ovf/importer/importer.go:150.2,151.16 2 0
github.com/vmware/govmomi/ovf/importer/importer.go:151.16,154.3 2 0
github.com/vmware/govmomi/ovf/importer/importer.go:156.2,156.25 1 0
github.com/vmware/govmomi/ovf/importer/importer.go:159.117,161.16 2 0
github.com/vmware/govmomi/ovf/importer/importer.go:161.16,163.3 1 0
github.com/vmware/govmomi/ovf/importer/importer.go:165.2,168.31 3 0
github.com/vmware/govmomi/ovf/importer/importer.go:168.31,169.51 1 0
github.com/vmware/govmomi/ovf/importer/importer.go:169.51,176.4 2 0
github.com/vmware/govmomi/ovf/importer/importer.go:179.2,179.42 1 0
github.com/vmware/govmomi/ovf/importer/importer.go:182.126,184.29 2 0
github.com/vmware/govmomi/ovf/importer/importer.go:184.29,185.22 1 0
github.com/vmware/govmomi/ovf/importer/importer.go:185.22,186.12 1 0
github.com/vmware/govmomi/ovf/importer/importer.go:188.3,188.65 1 0
github.com/vmware/govmomi/ovf/importer/importer.go:188.65,190.4 1 0
github.com/vmware/govmomi/ovf/importer/importer.go:192.3,195.17 3 0
github.com/vmware/govmomi/ovf/importer/importer.go:195.17,196.22 1 0
github.com/vmware/govmomi/ovf/importer/importer.go:197.29,198.35 1 0
github.com/vmware/govmomi/ovf/importer/importer.go:198.35,200.6 1 0
github.com/vmware/govmomi/ovf/importer/importer.go:201.12,202.20 1 0
github.com/vmware/govmomi/ovf/importer/importer.go:204.9,206.4 1 0
github.com/vmware/govmomi/ovf/importer/importer.go:208.3,211.5 1 0
github.com/vmware/govmomi/ovf/importer/importer.go:214.2,214.18 1 0
github.com/vmware/govmomi/ovf/importer/importer.go:217.49,218.23 1 0
github.com/vmware/govmomi/ovf/importer/importer.go:218.23,223.3 1 0
github.com/vmware/govmomi/ovf/importer/importer.go:225.2,225.8 1 0
github.com/vmware/govmomi/ovf/importer/importer.go:228.58,231.22 2 0
github.com/vmware/govmomi/ovf/importer/importer.go:231.22,232.40 1 0
github.com/vmware/govmomi/ovf/importer/importer.go:232.40,233.26 1 0
github.com/vmware/govmomi/ovf/importer/importer.go:233.26,235.5 1 0
github.com/vmware/govmomi/ovf/importer/importer.go:236.4,236.33 1 0
github.com/vmware/govmomi/ovf/importer/importer.go:240.2,240.95 1 0
github.com/vmware/govmomi/ovf/importer/importer.go:243.116,248.16 2 0
github.com/vmware/govmomi/ovf/importer/importer.go:248.16,250.3 1 0
github.com/vmware/govmomi/ovf/importer/importer.go:251.2,251.30 1 0
github.com/vmware/govmomi/ovf/importer/importer.go:251.30,252.19 1 0
github.com/vmware/govmomi/ovf/importer/importer.go:252.19,259.48 1 0
github.com/vmware/govmomi/ovf/importer/importer.go:259.48,260.31 1 0
github.com/vmware/govmomi/ovf/importer/importer.go:260.31,264.6 2 0
github.com/vmware/govmomi/ovf/importer/importer.go:266.5,266.15 1 0
github.com/vmware/govmomi/ovf/importer/importer.go:269.4,269.57 1 0
github.com/vmware/govmomi/ovf/importer/importer.go:269.57,273.5 2 0
github.com/vmware/govmomi/ovf/importer/importer.go:274.4,274.52 1 0
github.com/vmware/govmomi/ovf/importer/importer.go:274.52,278.5 2 0
github.com/vmware/govmomi/ovf/importer/importer.go:280.4,280.14 1 0
github.com/vmware/govmomi/ovf/importer/importer.go:283.2,284.24 2 0
github.com/vmware/govmomi/ovf/importer/importer.go:287.93,291.16 3 0
github.com/vmware/govmomi/ovf/importer/importer.go:291.16,293.3 1 0
github.com/vmware/govmomi/ovf/importer/importer.go:294.2,305.16 6 0
github.com/vmware/govmomi/ovf/importer/importer.go:305.16,307.3 1 0
github.com/vmware/govmomi/ovf/importer/importer.go:309.2,309.24 1 0
github.com/vmware/govmomi/ovf/importer/importer.go:309.24,310.90 1 0
github.com/vmware/govmomi/ovf/importer/importer.go:310.90,311.29 1 0
github.com/vmware/govmomi/ovf/importer/importer.go:311.29,312.35 1 0
github.com/vmware/govmomi/ovf/importer/importer.go:312.35,314.6 1 0
github.com/vmware/govmomi/ovf/importer/importer.go:316.4,316.13 1 0
github.com/vmware/govmomi/ovf/importer/importer.go:318.3,319.17 2 0
github.com/vmware/govmomi/ovf/importer/importer.go:319.17,321.4 1 0
github.com/vmware/govmomi/ovf/importer/importer.go:322.3,323.10 2 0
github.com/vmware/govmomi/ovf/importer/importer.go:323.10,325.4 1 0
github.com/vmware/govmomi/ovf/importer/importer.go:326.3,326.104 1 0
github.com/vmware/govmomi/ovf/importer/importer.go:328.2,328.12 1 0
github.com/vmware/govmomi/ovf/importer/options.go:20.51,30.16 3 1
github.com/vmware/govmomi/ovf/importer/options.go:30.16,32.3 1 0
github.com/vmware/govmomi/ovf/importer/options.go:34.2,34.18 1 1
github.com/vmware/govmomi/ovf/importer/options.go:34.18,36.3 1 1
github.com/vmware/govmomi/ovf/importer/options.go:38.2,38.20 1 1
github.com/vmware/govmomi/ovf/importer/options.go:38.20,40.3 1 1
github.com/vmware/govmomi/ovf/importer/options.go:42.2,42.12 1 1
github.com/vmware/govmomi/ovf/importer/spec.go:23.70,24.40 1 0
github.com/vmware/govmomi/ovf/importer/spec.go:24.40,26.3 1 0
github.com/vmware/govmomi/ovf/importer/spec.go:28.2,28.44 1 0
github.com/vmware/govmomi/ovf/importer/spec.go:28.44,29.32 1 0
github.com/vmware/govmomi/ovf/importer/spec.go:29.32,30.33 1 0
github.com/vmware/govmomi/ovf/importer/spec.go:30.33,31.13 1 0
github.com/vmware/govmomi/ovf/importer/spec.go:33.4,33.39 1 0
github.com/vmware/govmomi/ovf/importer/spec.go:33.39,34.13 1 0
github.com/vmware/govmomi/ovf/importer/spec.go:37.4,38.24 2 0
github.com/vmware/govmomi/ovf/importer/spec.go:38.24,40.5 1 0
github.com/vmware/govmomi/ovf/importer/spec.go:43.4,43.27 1 0
github.com/vmware/govmomi/ovf/importer/spec.go:43.27,45.5 1 0
github.com/vmware/govmomi/ovf/importer/spec.go:47.4,49.15 2 0
github.com/vmware/govmomi/ovf/importer/spec.go:49.15,51.5 1 0
github.com/vmware/govmomi/ovf/importer/spec.go:53.4,53.25 1 0
github.com/vmware/govmomi/ovf/importer/spec.go:57.2,57.8 1 0
github.com/vmware/govmomi/ovf/importer/spec.go:60.76,62.17 2 0
github.com/vmware/govmomi/ovf/importer/spec.go:62.17,64.17 2 0
github.com/vmware/govmomi/ovf/importer/spec.go:64.17,66.4 1 0
github.com/vmware/govmomi/ovf/importer/spec.go:68.3,68.43 1 0
github.com/vmware/govmomi/ovf/importer/spec.go:68.43,70.4 1 0
github.com/vmware/govmomi/ovf/importer/spec.go:73.2,74.74 2 0
github.com/vmware/govmomi/ovf/importer/spec.go:74.74,76.54 1 0
github.com/vmware/govmomi/ovf/importer/spec.go:76.54,77.38 1 0
github.com/vmware/govmomi/ovf/importer/spec.go:77.38,79.5 1 0
github.com/vmware/govmomi/ovf/importer/spec.go:82.3,82.54 1 0
github.com/vmware/govmomi/ovf/importer/spec.go:82.54,83.39 1 0
github.com/vmware/govmomi/ovf/importer/spec.go:83.39,85.5 1 0
github.com/vmware/govmomi/ovf/importer/spec.go:89.2,100.30 2 0
github.com/vmware/govmomi/ovf/importer/spec.go:100.30,102.3 1 0
github.com/vmware/govmomi/ovf/importer/spec.go:104.2,104.65 1 0
github.com/vmware/govmomi/ovf/importer/spec.go:104.65,106.3 1 0
github.com/vmware/govmomi/ovf/importer/spec.go:108.2,108.22 1 0
github.com/vmware/govmomi/ovf/importer/spec.go:108.22,109.42 1 0
github.com/vmware/govmomi/ovf/importer/spec.go:109.42,111.4 1 0
github.com/vmware/govmomi/ovf/importer/spec.go:114.2,114.13 1 0
github.com/vmware/govmomi/ovf/importer/spec.go:114.13,115.31 1 0
github.com/vmware/govmomi/ovf/importer/spec.go:115.31,117.4 1 0
github.com/vmware/govmomi/ovf/importer/spec.go:118.3,120.48 3 0
github.com/vmware/govmomi/ovf/importer/spec.go:123.2,123.16 1 0
github.com/vmware/govmomi/ovf/cim.go:313.57,314.56 1 1
github.com/vmware/govmomi/ovf/cim.go:316.53,317.24 1 1
github.com/vmware/govmomi/ovf/cim.go:318.55,319.24 1 1
github.com/vmware/govmomi/ovf/cim.go:320.55,321.24 1 1
github.com/vmware/govmomi/ovf/cim.go:322.55,323.24 1 1
github.com/vmware/govmomi/ovf/cim.go:324.55,325.28 1 1
github.com/vmware/govmomi/ovf/cim.go:326.55,327.24 1 1
github.com/vmware/govmomi/ovf/cim.go:328.60,329.30 1 1
github.com/vmware/govmomi/ovf/cim.go:330.61,331.30 1 1
github.com/vmware/govmomi/ovf/cim.go:332.64,333.30 1 1
github.com/vmware/govmomi/ovf/cim.go:334.59,335.28 1 1
github.com/vmware/govmomi/ovf/cim.go:336.58,337.28 1 1
github.com/vmware/govmomi/ovf/cim.go:338.60,339.33 1 1
github.com/vmware/govmomi/ovf/cim.go:340.58,341.31 1 1
github.com/vmware/govmomi/ovf/cim.go:342.60,343.36 1 1
github.com/vmware/govmomi/ovf/cim.go:344.58,345.36 1 1
github.com/vmware/govmomi/ovf/cim.go:346.61,347.36 1 1
github.com/vmware/govmomi/ovf/cim.go:348.58,349.36 1 1
github.com/vmware/govmomi/ovf/cim.go:350.61,351.36 1 1
github.com/vmware/govmomi/ovf/cim.go:359.58,360.24 1 1
github.com/vmware/govmomi/ovf/cim.go:361.61,362.29 1 1
github.com/vmware/govmomi/ovf/cim.go:363.62,364.29 1 1
github.com/vmware/govmomi/ovf/cim.go:365.62,366.29 1 1
github.com/vmware/govmomi/ovf/cim.go:367.63,368.29 1 1
github.com/vmware/govmomi/ovf/cim.go:371.66,372.45 1 1
github.com/vmware/govmomi/ovf/cim.go:373.66,374.45 1 1
github.com/vmware/govmomi/ovf/cim.go:375.64,376.45 1 1
github.com/vmware/govmomi/ovf/cim.go:377.64,378.45 1 1
github.com/vmware/govmomi/ovf/cim.go:379.59,380.45 1 1
github.com/vmware/govmomi/ovf/cim.go:381.68,382.51 1 1
github.com/vmware/govmomi/ovf/cim.go:383.68,384.51 1 1
github.com/vmware/govmomi/ovf/cim.go:385.66,386.51 1 1
github.com/vmware/govmomi/ovf/cim.go:387.61,388.45 1 1
github.com/vmware/govmomi/ovf/cim.go:389.63,390.51 1 1
github.com/vmware/govmomi/ovf/cim.go:391.66,392.47 1 1
github.com/vmware/govmomi/ovf/cim.go:393.66,394.45 1 1
github.com/vmware/govmomi/ovf/cim.go:395.66,396.47 1 1
github.com/vmware/govmomi/ovf/cim.go:397.67,398.29 1 1
github.com/vmware/govmomi/ovf/cim.go:399.71,400.29 1 1
github.com/vmware/govmomi/ovf/cim.go:401.71,402.29 1 1
github.com/vmware/govmomi/ovf/cim.go:405.58,406.24 1 1
github.com/vmware/govmomi/ovf/cim.go:407.61,408.29 1 1
github.com/vmware/govmomi/ovf/cim.go:409.58,410.24 1 1
github.com/vmware/govmomi/ovf/cim.go:411.61,412.29 1 1
github.com/vmware/govmomi/ovf/cim.go:413.61,414.29 1 1
github.com/vmware/govmomi/ovf/cim.go:415.61,416.29 1 1
github.com/vmware/govmomi/ovf/cim.go:417.61,418.29 1 1
github.com/vmware/govmomi/ovf/cim.go:419.61,420.29 1 1
github.com/vmware/govmomi/ovf/cim.go:421.57,422.30 1 1
github.com/vmware/govmomi/ovf/cim.go:423.60,424.30 1 1
github.com/vmware/govmomi/ovf/cim.go:425.57,426.30 1 1
github.com/vmware/govmomi/ovf/cim.go:427.60,428.30 1 1
github.com/vmware/govmomi/ovf/cim.go:429.60,430.30 1 1
github.com/vmware/govmomi/ovf/cim.go:431.60,432.30 1 1
github.com/vmware/govmomi/ovf/cim.go:433.58,434.29 1 1
github.com/vmware/govmomi/ovf/cim.go:435.57,436.25 1 1
github.com/vmware/govmomi/ovf/cim.go:437.60,438.30 1 1
github.com/vmware/govmomi/ovf/cim.go:439.57,440.25 1 1
github.com/vmware/govmomi/ovf/cim.go:441.60,442.30 1 1
github.com/vmware/govmomi/ovf/cim.go:443.57,444.25 1 1
github.com/vmware/govmomi/ovf/cim.go:445.60,446.30 1 1
github.com/vmware/govmomi/ovf/cim.go:447.57,448.25 1 1
github.com/vmware/govmomi/ovf/cim.go:449.60,450.30 1 1
github.com/vmware/govmomi/ovf/cim.go:451.57,452.25 1 1
github.com/vmware/govmomi/ovf/cim.go:453.60,454.30 1 1
github.com/vmware/govmomi/ovf/cim.go:455.57,456.25 1 1
github.com/vmware/govmomi/ovf/cim.go:457.60,458.30 1 1
github.com/vmware/govmomi/ovf/cim.go:459.58,460.25 1 1
github.com/vmware/govmomi/ovf/cim.go:461.61,462.30 1 1
github.com/vmware/govmomi/ovf/cim.go:463.58,464.25 1 1
github.com/vmware/govmomi/ovf/cim.go:465.61,466.30 1 1
github.com/vmware/govmomi/ovf/cim.go:467.58,468.25 1 1
github.com/vmware/govmomi/ovf/cim.go:469.61,470.30 1 1
github.com/vmware/govmomi/ovf/cim.go:471.56,472.24 1 1
github.com/vmware/govmomi/ovf/cim.go:473.58,474.29 1 1
github.com/vmware/govmomi/ovf/cim.go:475.59,476.26 1 1
github.com/vmware/govmomi/ovf/cim.go:477.62,478.31 1 1
github.com/vmware/govmomi/ovf/cim.go:479.59,480.26 1 1
github.com/vmware/govmomi/ovf/cim.go:481.62,482.31 1 1
github.com/vmware/govmomi/ovf/cim.go:483.59,484.26 1 1
github.com/vmware/govmomi/ovf/cim.go:485.62,486.31 1 1
github.com/vmware/govmomi/ovf/cim.go:487.59,488.26 1 1
github.com/vmware/govmomi/ovf/cim.go:489.62,490.31 1 1
github.com/vmware/govmomi/ovf/cim.go:491.57,492.26 1 1
github.com/vmware/govmomi/ovf/cim.go:493.59,494.31 1 1
github.com/vmware/govmomi/ovf/cim.go:495.62,496.24 1 1
github.com/vmware/govmomi/ovf/cim.go:497.58,498.27 1 1
github.com/vmware/govmomi/ovf/cim.go:499.60,500.32 1 1
github.com/vmware/govmomi/ovf/cim.go:501.58,502.27 1 1
github.com/vmware/govmomi/ovf/cim.go:526.60,527.28 1 1
github.com/vmware/govmomi/ovf/cim.go:528.58,529.23 1 1
github.com/vmware/govmomi/ovf/cim.go:530.62,531.30 1 1
github.com/vmware/govmomi/ovf/cim.go:532.65,533.30 1 1
github.com/vmware/govmomi/ovf/cim.go:534.62,535.30 1 1
github.com/vmware/govmomi/ovf/cim.go:536.65,537.30 1 1
github.com/vmware/govmomi/ovf/cim.go:538.65,539.30 1 1
github.com/vmware/govmomi/ovf/cim.go:540.65,541.30 1 1
github.com/vmware/govmomi/ovf/cim.go:542.61,543.30 1 1
github.com/vmware/govmomi/ovf/cim.go:544.63,545.30 1 1
github.com/vmware/govmomi/ovf/cim.go:546.65,547.32 1 1
github.com/vmware/govmomi/ovf/cim.go:548.63,549.27 1 1
github.com/vmware/govmomi/ovf/cim.go:550.65,551.32 1 1
github.com/vmware/govmomi/ovf/cim.go:552.63,553.27 1 1
github.com/vmware/govmomi/ovf/cim.go:554.64,555.29 1 1
github.com/vmware/govmomi/ovf/cim.go:556.62,557.24 1 1
github.com/vmware/govmomi/ovf/cim.go:558.64,559.29 1 1
github.com/vmware/govmomi/ovf/cim.go:560.62,561.24 1 1
github.com/vmware/govmomi/ovf/cim.go:562.64,563.29 1 1
github.com/vmware/govmomi/ovf/cim.go:564.62,565.24 1 1
github.com/vmware/govmomi/ovf/cim.go:566.64,567.29 1 1
github.com/vmware/govmomi/ovf/cim.go:568.62,569.24 1 1
github.com/vmware/govmomi/ovf/cim.go:570.62,571.29 1 1
github.com/vmware/govmomi/ovf/cim.go:572.60,573.24 1 1
github.com/vmware/govmomi/ovf/cim.go:574.56,575.40 1 1
github.com/vmware/govmomi/ovf/cim.go:576.55,577.40 1 1
github.com/vmware/govmomi/ovf/cim.go:578.55,579.40 1 1
github.com/vmware/govmomi/ovf/cim.go:580.58,581.45 1 1
github.com/vmware/govmomi/ovf/cim.go:582.55,583.40 1 1
github.com/vmware/govmomi/ovf/cim.go:584.58,585.45 1 1
github.com/vmware/govmomi/ovf/cim.go:586.55,587.40 1 1
github.com/vmware/govmomi/ovf/cim.go:588.58,589.45 1 1
github.com/vmware/govmomi/ovf/cim.go:590.55,591.40 1 1
github.com/vmware/govmomi/ovf/cim.go:592.58,593.45 1 1
github.com/vmware/govmomi/ovf/cim.go:594.55,595.40 1 1
github.com/vmware/govmomi/ovf/cim.go:596.58,597.45 1 1
github.com/vmware/govmomi/ovf/cim.go:598.58,599.45 1 1
github.com/vmware/govmomi/ovf/cim.go:600.58,601.45 1 1
github.com/vmware/govmomi/ovf/cim.go:602.63,603.29 1 1
github.com/vmware/govmomi/ovf/cim.go:604.56,605.23 1 1
github.com/vmware/govmomi/ovf/cim.go:606.59,607.28 1 1
github.com/vmware/govmomi/ovf/cim.go:608.56,609.23 1 1
github.com/vmware/govmomi/ovf/cim.go:610.59,611.28 1 1
github.com/vmware/govmomi/ovf/cim.go:612.56,613.23 1 1
github.com/vmware/govmomi/ovf/cim.go:614.59,615.28 1 1
github.com/vmware/govmomi/ovf/cim.go:616.59,617.28 1 1
github.com/vmware/govmomi/ovf/cim.go:618.59,619.28 1 1
github.com/vmware/govmomi/ovf/cim.go:620.54,621.23 1 1
github.com/vmware/govmomi/ovf/cim.go:622.56,623.28 1 1
github.com/vmware/govmomi/ovf/cim.go:624.56,625.28 1 1
github.com/vmware/govmomi/ovf/cim.go:626.54,627.23 1 1
github.com/vmware/govmomi/ovf/cim.go:628.62,629.34 1 1
github.com/vmware/govmomi/ovf/cim.go:630.60,631.29 1 1
github.com/vmware/govmomi/ovf/cim.go:632.58,633.30 1 1
github.com/vmware/govmomi/ovf/cim.go:634.56,635.25 1 1
github.com/vmware/govmomi/ovf/cim.go:636.59,637.30 1 1
github.com/vmware/govmomi/ovf/cim.go:640.58,641.24 1 1
github.com/vmware/govmomi/ovf/cim.go:642.61,643.24 1 1
github.com/vmware/govmomi/ovf/cim.go:644.58,645.24 1 1
github.com/vmware/govmomi/ovf/cim.go:646.61,647.24 1 1
github.com/vmware/govmomi/ovf/cim.go:648.61,649.24 1 1
github.com/vmware/govmomi/ovf/cim.go:650.61,651.24 1 1
github.com/vmware/govmomi/ovf/cim.go:652.61,653.24 1 1
github.com/vmware/govmomi/ovf/cim.go:654.61,655.24 1 1
github.com/vmware/govmomi/ovf/cim.go:656.61,657.24 1 1
github.com/vmware/govmomi/ovf/cim.go:658.61,659.24 1 1
github.com/vmware/govmomi/ovf/cim.go:660.61,661.24 1 1
github.com/vmware/govmomi/ovf/cim.go:662.61,663.24 1 1
github.com/vmware/govmomi/ovf/cim.go:664.61,665.24 1 1
github.com/vmware/govmomi/ovf/cim.go:666.61,667.24 1 1
github.com/vmware/govmomi/ovf/cim.go:668.61,669.24 1 1
github.com/vmware/govmomi/ovf/cim.go:670.61,671.24 1 1
github.com/vmware/govmomi/ovf/cim.go:672.58,673.24 1 1
github.com/vmware/govmomi/ovf/cim.go:674.56,675.24 1 1
github.com/vmware/govmomi/ovf/cim.go:678.59,679.26 1 1
github.com/vmware/govmomi/ovf/cim.go:680.62,681.31 1 1
github.com/vmware/govmomi/ovf/cim.go:682.62,683.31 1 1
github.com/vmware/govmomi/ovf/cim.go:684.58,685.26 1 1
github.com/vmware/govmomi/ovf/cim.go:686.58,687.26 1 1
github.com/vmware/govmomi/ovf/cim.go:688.58,689.26 1 1
github.com/vmware/govmomi/ovf/cim.go:690.58,691.26 1 1
github.com/vmware/govmomi/ovf/cim.go:694.58,695.26 1 1
github.com/vmware/govmomi/ovf/cim.go:696.58,697.26 1 1
github.com/vmware/govmomi/ovf/cim.go:698.58,699.26 1 1
github.com/vmware/govmomi/ovf/cim.go:700.54,701.37 1 1
github.com/vmware/govmomi/ovf/cim.go:702.53,703.28 1 1
github.com/vmware/govmomi/ovf/cim.go:706.58,707.29 1 1
github.com/vmware/govmomi/ovf/cim.go:708.59,709.29 1 1
github.com/vmware/govmomi/ovf/cim.go:710.59,711.29 1 1
github.com/vmware/govmomi/ovf/cim.go:712.60,713.29 1 1
github.com/vmware/govmomi/ovf/cim.go:714.59,715.29 1 1
github.com/vmware/govmomi/ovf/cim.go:716.59,717.29 1 1
github.com/vmware/govmomi/ovf/cim.go:718.64,719.29 1 1
github.com/vmware/govmomi/ovf/cim.go:722.61,723.36 1 1
github.com/vmware/govmomi/ovf/cim.go:724.62,725.36 1 1
github.com/vmware/govmomi/ovf/cim.go:726.53,727.22 1 1
github.com/vmware/govmomi/ovf/cim.go:730.55,731.24 1 1
github.com/vmware/govmomi/ovf/cim.go:732.57,733.29 1 1
github.com/vmware/govmomi/ovf/cim.go:734.65,735.29 1 1
github.com/vmware/govmomi/ovf/cim.go:736.65,737.29 1 1
github.com/vmware/govmomi/ovf/cim.go:738.57,739.24 1 1
github.com/vmware/govmomi/ovf/cim.go:742.10,743.26 1 1
github.com/vmware/govmomi/ovf/configspec.go:73.44,77.24 2 1
github.com/vmware/govmomi/ovf/configspec.go:77.24,79.3 1 1
github.com/vmware/govmomi/ovf/configspec.go:80.2,80.29 1 1
github.com/vmware/govmomi/ovf/configspec.go:80.29,82.3 1 1
github.com/vmware/govmomi/ovf/configspec.go:83.2,83.30 1 1
github.com/vmware/govmomi/ovf/configspec.go:83.30,85.3 1 1
github.com/vmware/govmomi/ovf/configspec.go:86.2,86.12 1 1
github.com/vmware/govmomi/ovf/configspec.go:91.64,93.25 2 1
github.com/vmware/govmomi/ovf/configspec.go:93.25,95.3 1 1
github.com/vmware/govmomi/ovf/configspec.go:96.2,96.36 1 1
github.com/vmware/govmomi/ovf/configspec.go:103.21,112.30 2 1
github.com/vmware/govmomi/ovf/configspec.go:112.30,114.3 1 1
github.com/vmware/govmomi/ovf/configspec.go:116.2,116.20 1 1
github.com/vmware/govmomi/ovf/configspec.go:116.20,118.3 1 1
github.com/vmware/govmomi/ovf/configspec.go:118.8,118.26 1 1
github.com/vmware/govmomi/ovf/configspec.go:118.26,120.3 1 0
github.com/vmware/govmomi/ovf/configspec.go:122.2,122.18 1 1
github.com/vmware/govmomi/ovf/configspec.go:122.18,124.3 1 1
github.com/vmware/govmomi/ovf/configspec.go:126.2,126.12 1 1
github.com/vmware/govmomi/ovf/configspec.go:145.68,148.25 3 1
github.com/vmware/govmomi/ovf/configspec.go:148.25,153.3 2 1
github.com/vmware/govmomi/ovf/configspec.go:154.2,154.37 1 1
github.com/vmware/govmomi/ovf/configspec.go:154.37,157.3 2 1
github.com/vmware/govmomi/ovf/configspec.go:158.2,158.32 1 1
github.com/vmware/govmomi/ovf/configspec.go:158.32,161.3 2 1
github.com/vmware/govmomi/ovf/configspec.go:162.2,162.12 1 1
github.com/vmware/govmomi/ovf/configspec.go:165.78,188.31 4 1
github.com/vmware/govmomi/ovf/configspec.go:188.31,190.3 1 0
github.com/vmware/govmomi/ovf/configspec.go:191.2,191.11 1 1
github.com/vmware/govmomi/ovf/configspec.go:194.71,198.15 2 1
github.com/vmware/govmomi/ovf/configspec.go:198.15,199.32 1 0
github.com/vmware/govmomi/ovf/configspec.go:199.32,199.61 2 0
github.com/vmware/govmomi/ovf/configspec.go:200.8,200.31 1 1
github.com/vmware/govmomi/ovf/configspec.go:200.31,202.32 1 1
github.com/vmware/govmomi/ovf/configspec.go:202.32,202.61 2 1
github.com/vmware/govmomi/ovf/configspec.go:204.2,226.30 3 1
github.com/vmware/govmomi/ovf/configspec.go:226.30,228.3 1 0
github.com/vmware/govmomi/ovf/configspec.go:229.2,229.11 1 1
github.com/vmware/govmomi/ovf/configspec.go:250.74,252.2 1 1
github.com/vmware/govmomi/ovf/configspec.go:265.68,268.15 2 1
github.com/vmware/govmomi/ovf/configspec.go:268.15,269.55 1 1
github.com/vmware/govmomi/ovf/configspec.go:269.55,270.52 1 1
github.com/vmware/govmomi/ovf/configspec.go:270.52,271.36 1 1
github.com/vmware/govmomi/ovf/configspec.go:271.36,273.6 1 1
github.com/vmware/govmomi/ovf/configspec.go:276.3,276.16 1 1
github.com/vmware/govmomi/ovf/configspec.go:276.16,278.4 1 1
github.com/vmware/govmomi/ovf/configspec.go:282.2,283.41 2 1
github.com/vmware/govmomi/ovf/configspec.go:283.41,284.38 1 1
github.com/vmware/govmomi/ovf/configspec.go:284.38,285.38 1 1
github.com/vmware/govmomi/ovf/configspec.go:285.38,287.10 2 1
github.com/vmware/govmomi/ovf/configspec.go:292.2,298.61 2 1
github.com/vmware/govmomi/ovf/configspec.go:298.61,300.3 1 1
github.com/vmware/govmomi/ovf/configspec.go:303.2,303.72 1 1
github.com/vmware/govmomi/ovf/configspec.go:303.72,305.3 1 1
github.com/vmware/govmomi/ovf/configspec.go:308.2,308.68 1 1
github.com/vmware/govmomi/ovf/configspec.go:308.68,310.3 1 0
github.com/vmware/govmomi/ovf/configspec.go:312.2,312.17 1 1
github.com/vmware/govmomi/ovf/configspec.go:319.34,322.34 2 1
github.com/vmware/govmomi/ovf/configspec.go:322.34,324.3 1 0
github.com/vmware/govmomi/ovf/configspec.go:325.2,328.22 2 1
github.com/vmware/govmomi/ovf/configspec.go:328.22,329.53 1 1
github.com/vmware/govmomi/ovf/configspec.go:329.53,331.4 1 1
github.com/vmware/govmomi/ovf/configspec.go:335.2,346.32 5 1
github.com/vmware/govmomi/ovf/configspec.go:346.32,351.64 3 1
github.com/vmware/govmomi/ovf/configspec.go:351.64,352.12 1 1
github.com/vmware/govmomi/ovf/configspec.go:355.3,355.40 1 1
github.com/vmware/govmomi/ovf/configspec.go:355.40,356.24 1 1
github.com/vmware/govmomi/ovf/configspec.go:356.24,358.13 1 1
github.com/vmware/govmomi/ovf/configspec.go:362.3,362.31 1 1
github.com/vmware/govmomi/ovf/configspec.go:362.31,364.4 1 0
github.com/vmware/govmomi/ovf/configspec.go:367.3,367.76 1 1
github.com/vmware/govmomi/ovf/configspec.go:367.76,369.4 1 1
github.com/vmware/govmomi/ovf/configspec.go:371.3,376.29 2 1
github.com/vmware/govmomi/ovf/configspec.go:378.14,379.49 1 1
github.com/vmware/govmomi/ovf/configspec.go:381.23,382.19 1 1
github.com/vmware/govmomi/ovf/configspec.go:382.19,384.5 1 1
github.com/vmware/govmomi/ovf/configspec.go:386.18,387.35 1 1
github.com/vmware/govmomi/ovf/configspec.go:387.35,390.5 1 0
github.com/vmware/govmomi/ovf/configspec.go:391.4,392.46 2 1
github.com/vmware/govmomi/ovf/configspec.go:392.46,394.5 1 1
github.com/vmware/govmomi/ovf/configspec.go:396.15,397.35 1 1
github.com/vmware/govmomi/ovf/configspec.go:397.35,400.5 1 0
github.com/vmware/govmomi/ovf/configspec.go:401.4,401.47 1 1
github.com/vmware/govmomi/ovf/configspec.go:403.22,404.57 1 1
github.com/vmware/govmomi/ovf/configspec.go:406.24,407.58 1 1
github.com/vmware/govmomi/ovf/configspec.go:409.14,410.19 1 1
github.com/vmware/govmomi/ovf/configspec.go:410.19,412.5 1 1
github.com/vmware/govmomi/ovf/configspec.go:414.17,415.19 1 1
github.com/vmware/govmomi/ovf/configspec.go:415.19,417.5 1 1
github.com/vmware/govmomi/ovf/configspec.go:419.14,420.19 1 1
github.com/vmware/govmomi/ovf/configspec.go:420.19,422.5 1 1
github.com/vmware/govmomi/ovf/configspec.go:424.24,425.60 1 1
github.com/vmware/govmomi/ovf/configspec.go:427.21,428.19 1 1
github.com/vmware/govmomi/ovf/configspec.go:428.19,430.5 1 1
github.com/vmware/govmomi/ovf/configspec.go:432.15,433.19 1 1
github.com/vmware/govmomi/ovf/configspec.go:433.19,435.5 1 1
github.com/vmware/govmomi/ovf/configspec.go:437.17,438.19 1 1
github.com/vmware/govmomi/ovf/configspec.go:438.19,440.5 1 1
github.com/vmware/govmomi/ovf/configspec.go:442.20,443.73 1 1
github.com/vmware/govmomi/ovf/configspec.go:443.73,447.5 3 1
github.com/vmware/govmomi/ovf/configspec.go:448.4,448.55 1 1
github.com/vmware/govmomi/ovf/configspec.go:450.26,451.56 1 1
github.com/vmware/govmomi/ovf/configspec.go:453.18,454.26 1 1
github.com/vmware/govmomi/ovf/configspec.go:454.26,457.5 2 1
github.com/vmware/govmomi/ovf/configspec.go:458.4,458.55 1 1
github.com/vmware/govmomi/ovf/configspec.go:460.18,461.19 1 1
github.com/vmware/govmomi/ovf/configspec.go:461.19,463.5 1 1
github.com/vmware/govmomi/ovf/configspec.go:465.22,466.19 1 1
github.com/vmware/govmomi/ovf/configspec.go:466.19,468.5 1 1
github.com/vmware/govmomi/ovf/configspec.go:470.21,471.56 1 1
github.com/vmware/govmomi/ovf/configspec.go:473.19,474.19 1 1
github.com/vmware/govmomi/ovf/configspec.go:474.19,476.5 1 1
github.com/vmware/govmomi/ovf/configspec.go:478.21,479.19 1 1
github.com/vmware/govmomi/ovf/configspec.go:479.19,481.5 1 1
github.com/vmware/govmomi/ovf/configspec.go:483.22,484.47 1 1
github.com/vmware/govmomi/ovf/configspec.go:486.17,487.53 1 1
github.com/vmware/govmomi/ovf/configspec.go:489.17,490.19 1 1
github.com/vmware/govmomi/ovf/configspec.go:490.19,492.5 1 1
github.com/vmware/govmomi/ovf/configspec.go:494.26,495.19 1 1
github.com/vmware/govmomi/ovf/configspec.go:495.19,497.5 1 1
github.com/vmware/govmomi/ovf/configspec.go:499.26,500.19 1 1
github.com/vmware/govmomi/ovf/configspec.go:500.19,502.5 1 1
github.com/vmware/govmomi/ovf/configspec.go:504.20,505.19 1 1
github.com/vmware/govmomi/ovf/configspec.go:505.19,507.5 1 1
github.com/vmware/govmomi/ovf/configspec.go:509.22,510.19 1 1
github.com/vmware/govmomi/ovf/configspec.go:510.19,512.5 1 1
github.com/vmware/govmomi/ovf/configspec.go:514.27,515.19 1 1
github.com/vmware/govmomi/ovf/configspec.go:515.19,517.5 1 1
github.com/vmware/govmomi/ovf/configspec.go:519.20,520.26 1 1
github.com/vmware/govmomi/ovf/configspec.go:520.26,523.5 2 0
github.com/vmware/govmomi/ovf/configspec.go:524.4,524.55 1 1
github.com/vmware/govmomi/ovf/configspec.go:526.22,527.19 1 1
github.com/vmware/govmomi/ovf/configspec.go:527.19,529.5 1 1
github.com/vmware/govmomi/ovf/configspec.go:531.27,532.19 1 1
github.com/vmware/govmomi/ovf/configspec.go:532.19,534.5 1 1
github.com/vmware/govmomi/ovf/configspec.go:536.11,537.19 1 1
github.com/vmware/govmomi/ovf/configspec.go:537.19,540.5 1 1
github.com/vmware/govmomi/ovf/configspec.go:543.3,543.17 1 1
github.com/vmware/govmomi/ovf/configspec.go:543.17,544.44 1 1
github.com/vmware/govmomi/ovf/configspec.go:544.44,545.21 1 1
github.com/vmware/govmomi/ovf/configspec.go:545.21,546.14 1 0
github.com/vmware/govmomi/ovf/configspec.go:549.4,549.48 1 1
github.com/vmware/govmomi/ovf/configspec.go:552.3,552.15 1 1
github.com/vmware/govmomi/ovf/configspec.go:552.15,554.52 2 1
github.com/vmware/govmomi/ovf/configspec.go:554.52,556.5 1 1
github.com/vmware/govmomi/ovf/configspec.go:557.4,557.55 1 1
github.com/vmware/govmomi/ovf/configspec.go:557.55,559.5 1 1
github.com/vmware/govmomi/ovf/configspec.go:560.4,560.32 1 1
github.com/vmware/govmomi/ovf/configspec.go:565.2,567.12 2 1
github.com/vmware/govmomi/ovf/configspec.go:572.35,574.64 1 1
github.com/vmware/govmomi/ovf/configspec.go:574.64,576.3 1 1
github.com/vmware/govmomi/ovf/configspec.go:578.2,579.16 2 1
github.com/vmware/govmomi/ovf/configspec.go:579.16,581.3 1 1
github.com/vmware/govmomi/ovf/configspec.go:583.2,584.12 2 1
github.com/vmware/govmomi/ovf/configspec.go:589.35,591.48 1 1
github.com/vmware/govmomi/ovf/configspec.go:591.48,593.3 1 1
github.com/vmware/govmomi/ovf/configspec.go:595.2,596.9 2 1
github.com/vmware/govmomi/ovf/configspec.go:596.9,599.3 1 0
github.com/vmware/govmomi/ovf/configspec.go:601.2,602.16 2 1
github.com/vmware/govmomi/ovf/configspec.go:602.16,604.3 1 1
github.com/vmware/govmomi/ovf/configspec.go:606.2,607.12 2 1
github.com/vmware/govmomi/ovf/configspec.go:612.35,616.29 2 1
github.com/vmware/govmomi/ovf/configspec.go:616.29,618.40 2 1
github.com/vmware/govmomi/ovf/configspec.go:618.40,619.21 1 1
github.com/vmware/govmomi/ovf/configspec.go:619.21,621.19 2 1
github.com/vmware/govmomi/ovf/configspec.go:621.19,623.6 1 1
github.com/vmware/govmomi/ovf/configspec.go:624.5,624.29 1 1
github.com/vmware/govmomi/ovf/configspec.go:626.4,626.9 1 1
github.com/vmware/govmomi/ovf/configspec.go:630.2,630.24 1 1
github.com/vmware/govmomi/ovf/configspec.go:630.24,632.25 2 1
github.com/vmware/govmomi/ovf/configspec.go:632.25,634.4 1 1
github.com/vmware/govmomi/ovf/configspec.go:635.3,636.10 2 1
github.com/vmware/govmomi/ovf/configspec.go:636.10,639.4 1 0
github.com/vmware/govmomi/ovf/configspec.go:640.3,640.35 1 1
github.com/vmware/govmomi/ovf/configspec.go:643.2,643.12 1 1
github.com/vmware/govmomi/ovf/configspec.go:646.59,647.36 1 1
github.com/vmware/govmomi/ovf/configspec.go:647.36,648.45 1 1
github.com/vmware/govmomi/ovf/configspec.go:648.45,650.4 1 1
github.com/vmware/govmomi/ovf/configspec.go:652.2,652.12 1 1
github.com/vmware/govmomi/ovf/configspec.go:663.55,664.61 1 1
github.com/vmware/govmomi/ovf/configspec.go:664.61,666.3 1 1
github.com/vmware/govmomi/ovf/configspec.go:667.2,668.16 2 1
github.com/vmware/govmomi/ovf/configspec.go:668.16,670.3 1 0
github.com/vmware/govmomi/ovf/configspec.go:671.2,673.40 3 1
github.com/vmware/govmomi/ovf/configspec.go:679.81,681.24 1 1
github.com/vmware/govmomi/ovf/configspec.go:681.24,683.3 1 0
github.com/vmware/govmomi/ovf/configspec.go:685.2,686.9 2 1
github.com/vmware/govmomi/ovf/configspec.go:686.9,688.3 1 0
github.com/vmware/govmomi/ovf/configspec.go:690.2,691.9 2 1
github.com/vmware/govmomi/ovf/configspec.go:691.9,694.3 1 0
github.com/vmware/govmomi/ovf/configspec.go:696.2,704.32 4 1
github.com/vmware/govmomi/ovf/configspec.go:706.9,708.34 2 1
github.com/vmware/govmomi/ovf/configspec.go:708.34,710.4 1 1
github.com/vmware/govmomi/ovf/configspec.go:711.3,712.42 2 1
github.com/vmware/govmomi/ovf/configspec.go:712.42,714.4 1 1
github.com/vmware/govmomi/ovf/configspec.go:716.9,719.16 3 1
github.com/vmware/govmomi/ovf/configspec.go:719.16,721.4 1 1
github.com/vmware/govmomi/ovf/configspec.go:723.3,724.40 2 1
github.com/vmware/govmomi/ovf/configspec.go:724.40,726.4 1 1
github.com/vmware/govmomi/ovf/configspec.go:727.3,728.40 2 1
github.com/vmware/govmomi/ovf/configspec.go:728.40,730.18 2 1
github.com/vmware/govmomi/ovf/configspec.go:730.18,733.5 1 0
github.com/vmware/govmomi/ovf/configspec.go:734.4,734.26 1 1
github.com/vmware/govmomi/ovf/configspec.go:737.10,738.59 1 1
github.com/vmware/govmomi/ovf/configspec.go:741.2,741.37 1 1
github.com/vmware/govmomi/ovf/configspec.go:741.37,744.3 1 0
github.com/vmware/govmomi/ovf/configspec.go:746.2,748.15 2 1
github.com/vmware/govmomi/ovf/configspec.go:754.81,756.24 1 1
github.com/vmware/govmomi/ovf/configspec.go:756.24,758.3 1 0
github.com/vmware/govmomi/ovf/configspec.go:760.2,761.9 2 1
github.com/vmware/govmomi/ovf/configspec.go:761.9,763.3 1 0
github.com/vmware/govmomi/ovf/configspec.go:765.2,766.9 2 1
github.com/vmware/govmomi/ovf/configspec.go:766.9,769.3 1 0
github.com/vmware/govmomi/ovf/configspec.go:771.2,772.16 2 1
github.com/vmware/govmomi/ovf/configspec.go:772.16,774.3 1 0
github.com/vmware/govmomi/ovf/configspec.go:776.2,776.15 1 1
github.com/vmware/govmomi/ovf/configspec.go:782.81,785.16 2 1
github.com/vmware/govmomi/ovf/configspec.go:785.16,787.3 1 0
github.com/vmware/govmomi/ovf/configspec.go:788.2,788.48 1 1
github.com/vmware/govmomi/ovf/configspec.go:788.48,790.3 1 1
github.com/vmware/govmomi/ovf/configspec.go:791.2,793.15 2 1
github.com/vmware/govmomi/ovf/configspec.go:799.81,802.16 2 1
github.com/vmware/govmomi/ovf/configspec.go:802.16,804.3 1 0
github.com/vmware/govmomi/ovf/configspec.go:805.2,805.48 1 1
github.com/vmware/govmomi/ovf/configspec.go:805.48,807.3 1 0
github.com/vmware/govmomi/ovf/configspec.go:808.2,809.15 2 1
github.com/vmware/govmomi/ovf/configspec.go:815.81,817.30 1 1
github.com/vmware/govmomi/ovf/configspec.go:818.61,819.54 1 1
github.com/vmware/govmomi/ovf/configspec.go:820.37,821.54 1 1
github.com/vmware/govmomi/ovf/configspec.go:823.2,823.43 1 0
github.com/vmware/govmomi/ovf/configspec.go:829.81,832.16 2 1
github.com/vmware/govmomi/ovf/configspec.go:832.16,834.3 1 0
github.com/vmware/govmomi/ovf/configspec.go:835.2,835.48 1 1
github.com/vmware/govmomi/ovf/configspec.go:835.48,837.3 1 0
github.com/vmware/govmomi/ovf/configspec.go:838.2,839.15 2 1
github.com/vmware/govmomi/ovf/configspec.go:845.81,848.16 2 1
github.com/vmware/govmomi/ovf/configspec.go:848.16,850.3 1 0
github.com/vmware/govmomi/ovf/configspec.go:851.2,851.48 1 1
github.com/vmware/govmomi/ovf/configspec.go:851.48,853.3 1 0
github.com/vmware/govmomi/ovf/configspec.go:854.2,855.15 2 1
github.com/vmware/govmomi/ovf/configspec.go:861.81,871.30 3 1
github.com/vmware/govmomi/ovf/configspec.go:872.30,874.30 2 1
github.com/vmware/govmomi/ovf/configspec.go:874.30,876.18 2 1
github.com/vmware/govmomi/ovf/configspec.go:877.30,878.49 1 1
github.com/vmware/govmomi/ovf/configspec.go:879.23,880.42 1 1
github.com/vmware/govmomi/ovf/configspec.go:883.3,883.8 1 1
github.com/vmware/govmomi/ovf/configspec.go:884.30,886.30 2 1
github.com/vmware/govmomi/ovf/configspec.go:886.30,888.18 2 1
github.com/vmware/govmomi/ovf/configspec.go:889.30,890.49 1 1
github.com/vmware/govmomi/ovf/configspec.go:893.3,893.8 1 1
github.com/vmware/govmomi/ovf/configspec.go:894.10,895.44 1 0
github.com/vmware/govmomi/ovf/configspec.go:898.2,898.48 1 1
github.com/vmware/govmomi/ovf/configspec.go:898.48,900.3 1 0
github.com/vmware/govmomi/ovf/configspec.go:902.2,903.15 2 1
github.com/vmware/govmomi/ovf/configspec.go:909.73,912.16 2 1
github.com/vmware/govmomi/ovf/configspec.go:912.16,914.3 1 0
github.com/vmware/govmomi/ovf/configspec.go:916.2,918.29 2 1
github.com/vmware/govmomi/ovf/configspec.go:918.29,920.16 2 1
github.com/vmware/govmomi/ovf/configspec.go:921.27,922.47 1 1
github.com/vmware/govmomi/ovf/configspec.go:923.34,924.54 1 1
github.com/vmware/govmomi/ovf/configspec.go:928.2,928.15 1 1
github.com/vmware/govmomi/ovf/configspec.go:934.81,937.16 2 1
github.com/vmware/govmomi/ovf/configspec.go:937.16,939.3 1 0
github.com/vmware/govmomi/ovf/configspec.go:940.2,942.15 2 1
github.com/vmware/govmomi/ovf/configspec.go:948.73,956.29 2 1
github.com/vmware/govmomi/ovf/configspec.go:956.29,958.16 2 1
github.com/vmware/govmomi/ovf/configspec.go:959.26,960.44 1 1
github.com/vmware/govmomi/ovf/configspec.go:961.33,963.18 2 1
github.com/vmware/govmomi/ovf/configspec.go:963.18,965.5 1 0
github.com/vmware/govmomi/ovf/configspec.go:966.4,966.32 1 1
github.com/vmware/govmomi/ovf/configspec.go:967.24,968.42 1 1
github.com/vmware/govmomi/ovf/configspec.go:969.27,971.18 2 1
github.com/vmware/govmomi/ovf/configspec.go:971.18,973.5 1 0
github.com/vmware/govmomi/ovf/configspec.go:974.4,974.26 1 1
github.com/vmware/govmomi/ovf/configspec.go:975.22,977.18 2 1
github.com/vmware/govmomi/ovf/configspec.go:977.18,979.5 1 0
github.com/vmware/govmomi/ovf/configspec.go:980.4,980.28 1 1
github.com/vmware/govmomi/ovf/configspec.go:981.24,982.29 1 1
github.com/vmware/govmomi/ovf/configspec.go:986.2,986.15 1 1
github.com/vmware/govmomi/ovf/configspec.go:992.81,994.30 1 1
github.com/vmware/govmomi/ovf/configspec.go:995.27,996.44 1 1
github.com/vmware/govmomi/ovf/configspec.go:998.2,998.43 1 1
github.com/vmware/govmomi/ovf/configspec.go:1004.73,1012.29 2 1
github.com/vmware/govmomi/ovf/configspec.go:1012.29,1014.16 2 1
github.com/vmware/govmomi/ovf/configspec.go:1015.41,1016.59 1 1
github.com/vmware/govmomi/ovf/configspec.go:1020.2,1020.15 1 1
github.com/vmware/govmomi/ovf/configspec.go:1025.29,1027.27 1 1
github.com/vmware/govmomi/ovf/configspec.go:1027.27,1029.16 2 1
github.com/vmware/govmomi/ovf/configspec.go:1030.27,1031.47 1 1
github.com/vmware/govmomi/ovf/configspec.go:1032.30,1033.50 1 1
github.com/vmware/govmomi/ovf/configspec.go:1034.43,1036.63 2 1
github.com/vmware/govmomi/ovf/configspec.go:1037.19,1038.26 1 1
github.com/vmware/govmomi/ovf/configspec.go:1039.27,1041.47 2 1
github.com/vmware/govmomi/ovf/configspec.go:1042.28,1044.48 2 1
github.com/vmware/govmomi/ovf/configspec.go:1045.30,1046.50 1 1
github.com/vmware/govmomi/ovf/configspec.go:1047.26,1048.46 1 1
github.com/vmware/govmomi/ovf/configspec.go:1049.30,1050.50 1 1
github.com/vmware/govmomi/ovf/configspec.go:1051.28,1052.48 1 1
github.com/vmware/govmomi/ovf/configspec.go:1053.38,1055.56 2 1
github.com/vmware/govmomi/ovf/configspec.go:1056.37,1058.63 2 1
github.com/vmware/govmomi/ovf/configspec.go:1059.30,1060.48 1 1
github.com/vmware/govmomi/ovf/configspec.go:1061.33,1063.53 2 1
github.com/vmware/govmomi/ovf/configspec.go:1064.40,1066.60 2 1
github.com/vmware/govmomi/ovf/configspec.go:1067.29,1069.49 2 1
github.com/vmware/govmomi/ovf/configspec.go:1070.28,1072.48 2 1
github.com/vmware/govmomi/ovf/configspec.go:1073.36,1075.56 2 1
github.com/vmware/govmomi/ovf/configspec.go:1076.35,1078.55 2 1
github.com/vmware/govmomi/ovf/configspec.go:1079.35,1081.42 2 1
github.com/vmware/govmomi/ovf/configspec.go:1082.35,1084.42 2 1
github.com/vmware/govmomi/ovf/configspec.go:1085.32,1087.39 2 1
github.com/vmware/govmomi/ovf/configspec.go:1088.34,1090.41 2 1
github.com/vmware/govmomi/ovf/configspec.go:1091.36,1093.43 2 1
github.com/vmware/govmomi/ovf/configspec.go:1094.22,1095.42 1 1
github.com/vmware/govmomi/ovf/configspec.go:1102.29,1105.32 2 1
github.com/vmware/govmomi/ovf/configspec.go:1105.32,1110.3 1 1
github.com/vmware/govmomi/ovf/configspec.go:1111.2,1111.50 1 1
github.com/vmware/govmomi/ovf/configspec.go:1114.39,1115.22 1 1
github.com/vmware/govmomi/ovf/configspec.go:1115.22,1117.3 1 1
github.com/vmware/govmomi/ovf/configspec.go:1120.39,1121.28 1 1
github.com/vmware/govmomi/ovf/configspec.go:1121.28,1123.3 1 1
github.com/vmware/govmomi/ovf/configspec.go:1126.41,1127.30 1 1
github.com/vmware/govmomi/ovf/configspec.go:1127.30,1129.3 1 1
github.com/vmware/govmomi/ovf/configspec.go:1132.47,1134.37 2 1
github.com/vmware/govmomi/ovf/configspec.go:1134.37,1136.3 1 1
github.com/vmware/govmomi/ovf/configspec.go:1139.33,1140.22 1 1
github.com/vmware/govmomi/ovf/configspec.go:1140.22,1142.3 1 1
github.com/vmware/govmomi/ovf/configspec.go:1145.39,1146.28 1 1
github.com/vmware/govmomi/ovf/configspec.go:1146.28,1148.3 1 1
github.com/vmware/govmomi/ovf/configspec.go:1151.67,1154.28 2 1
github.com/vmware/govmomi/ovf/configspec.go:1154.28,1156.16 2 1
github.com/vmware/govmomi/ovf/configspec.go:1157.40,1158.28 1 1
github.com/vmware/govmomi/ovf/configspec.go:1158.28,1160.5 1 1
github.com/vmware/govmomi/ovf/configspec.go:1161.4,1161.55 1 1
github.com/vmware/govmomi/ovf/configspec.go:1166.34,1167.13 1 1
github.com/vmware/govmomi/ovf/configspec.go:1167.13,1169.3 1 0
github.com/vmware/govmomi/ovf/configspec.go:1170.2,1171.11 2 1
github.com/vmware/govmomi/ovf/configspec.go:1174.30,1177.2 2 1
github.com/vmware/govmomi/ovf/configspec.go:1179.32,1182.2 2 1
github.com/vmware/govmomi/ovf/configspec.go:1184.28,1186.15 2 1
github.com/vmware/govmomi/ovf/configspec.go:1186.15,1188.3 1 1
github.com/vmware/govmomi/ovf/configspec.go:1189.2,1189.10 1 1
github.com/vmware/govmomi/ovf/configspec.go:1195.27,1197.26 1 1
github.com/vmware/govmomi/ovf/configspec.go:1197.26,1199.3 1 1
github.com/vmware/govmomi/ovf/configspec.go:1201.2,1204.37 3 1
github.com/vmware/govmomi/ovf/configspec.go:1204.37,1223.38 2 1
github.com/vmware/govmomi/ovf/configspec.go:1223.38,1224.64 1 1
github.com/vmware/govmomi/ovf/configspec.go:1224.64,1227.13 1 1
github.com/vmware/govmomi/ovf/configspec.go:1232.4,1233.24 2 1
github.com/vmware/govmomi/ovf/configspec.go:1233.24,1235.5 1 1
github.com/vmware/govmomi/ovf/configspec.go:1236.4,1236.31 1 1
github.com/vmware/govmomi/ovf/configspec.go:1236.31,1237.65 1 1
github.com/vmware/govmomi/ovf/configspec.go:1237.65,1239.11 2 1
github.com/vmware/govmomi/ovf/configspec.go:1243.4,1243.33 1 1
github.com/vmware/govmomi/ovf/configspec.go:1243.33,1245.5 1 1
github.com/vmware/govmomi/ovf/configspec.go:1246.4,1266.11 3 1
github.com/vmware/govmomi/ovf/configspec.go:1270.2,1271.12 2 1
github.com/vmware/govmomi/ovf/env.go:60.40,62.16 2 1
github.com/vmware/govmomi/ovf/env.go:62.16,64.3 1 0
github.com/vmware/govmomi/ovf/env.go:66.2,66.48 1 1
github.com/vmware/govmomi/ovf/env.go:71.37,79.42 6 1
github.com/vmware/govmomi/ovf/env.go:79.42,81.3 1 1
github.com/vmware/govmomi/ovf/env.go:82.2,86.24 3 1
github.com/vmware/govmomi/ovf/envelope.go:95.51,100.20 2 0
github.com/vmware/govmomi/ovf/envelope.go:100.20,102.3 1 0
github.com/vmware/govmomi/ovf/envelope.go:103.2,103.23 1 0
github.com/vmware/govmomi/ovf/envelope.go:103.23,105.3 1 0
github.com/vmware/govmomi/ovf/envelope.go:106.2,106.10 1 0
github.com/vmware/govmomi/ovf/manager.go:22.43,24.2 1 0
github.com/vmware/govmomi/ovf/manager.go:27.154,35.16 3 0
github.com/vmware/govmomi/ovf/manager.go:35.16,37.3 1 0
github.com/vmware/govmomi/ovf/manager.go:39.2,39.28 1 0
github.com/vmware/govmomi/ovf/manager.go:43.214,53.16 3 0
github.com/vmware/govmomi/ovf/manager.go:53.16,55.3 1 0
github.com/vmware/govmomi/ovf/manager.go:57.2,57.28 1 0
github.com/vmware/govmomi/ovf/manager.go:61.155,69.16 3 0
github.com/vmware/govmomi/ovf/manager.go:69.16,71.3 1 0
github.com/vmware/govmomi/ovf/manager.go:73.2,73.28 1 0
github.com/vmware/govmomi/ovf/manager.go:77.165,86.16 3 0
github.com/vmware/govmomi/ovf/manager.go:86.16,88.3 1 0
github.com/vmware/govmomi/ovf/manager.go:90.2,90.28 1 0
github.com/vmware/govmomi/ovf/ovf.go:13.48,18.16 4 1
github.com/vmware/govmomi/ovf/ovf.go:18.16,20.3 1 0
github.com/vmware/govmomi/ovf/ovf.go:22.2,22.16 1 1
github.com/vmware/govmomi/ovf/ovf.go:26.45,28.2 1 0
github.com/vmware/govmomi/ovf/parser.go:38.51,40.29 1 1
github.com/vmware/govmomi/ovf/parser.go:40.29,42.3 1 1
github.com/vmware/govmomi/ovf/parser.go:43.2,54.31 4 1
github.com/vmware/govmomi/ovf/parser.go:54.31,55.10 1 1
github.com/vmware/govmomi/ovf/parser.go:57.24,58.12 1 1
github.com/vmware/govmomi/ovf/parser.go:59.35,60.85 1 1
github.com/vmware/govmomi/ovf/parser.go:61.35,65.75 4 1
github.com/vmware/govmomi/ovf/parser.go:66.34,68.37 2 1
github.com/vmware/govmomi/ovf/parser.go:69.11,72.21 1 0
github.com/vmware/govmomi/ovf/parser.go:75.2,75.22 1 1
github.com/vmware/govmomi/ovf/parser.go:80.40,82.2 1 1
github.com/vmware/govmomi/ovf/parser.go:87.41,89.2 1 1
github.com/vmware/govmomi/ovf/parser.go:93.41,95.2 1 1
github.com/vmware/govmomi/ovf/parser.go:238.41,241.2 1 1
